// Jest Snapshot v1, https://jestjs.io/docs/snapshot-testing

exports[`Checkout renders Checkout unchanged 1`] = `
<div>
  <h1
    class="text-2xl font-bold leading-7 tracking-wide text-[#3B3B3B]"
  >
    Thanks for your purchase!
  </h1>
</div>
`;
