// Jest Snapshot v1, https://jestjs.io/docs/snapshot-testing

exports[`GameCard renders GameCard unchanged 1`] = `
<div>
  <div
    class="md:w-1/2 md:px-5 xl:w-1/3 xl:flex-none xl:px-6"
    data-testid="game-card"
  >
    <div
      class="border-stroke-secondary flex flex-col gap-y-5 rounded-2xl border-[0.5px] p-6"
    >
      <div
        class="relative overflow-hidden rounded-t-2xl md:h-60"
      >
        <div
          class="text-primary absolute left-3 top-3 rounded bg-stone-100 px-3 py-2 leading-4 tracking-wide"
        >
          New
        </div>
        <img
          alt="Cyberpunk 2077"
          class="h-full object-cover"
          data-nimg="1"
          decoding="async"
          height="240"
          loading="lazy"
          src="/_next/image?url=%2Fgame-images%2Fcyberpunk2077.jpeg&w=1920&q=75"
          srcset="/_next/image?url=%2Fgame-images%2Fcyberpunk2077.jpeg&w=750&q=75 1x, /_next/image?url=%2Fgame-images%2Fcyberpunk2077.jpeg&w=1920&q=75 2x"
          style="color: transparent;"
          width="654"
        />
      </div>
      <div
        class="flex flex-col gap-y-3"
      >
        <span
          class="font-bold text-neutral-500"
        >
          ACTION
        </span>
        <div
          class="flex items-center justify-between gap-x-3 md:min-h-[60px]"
        >
          <h4
            class="text-primary text-lg font-bold leading-5 tracking-wide"
          >
            Cyberpunk 2077
          </h4>
          <span
            class="text-primary text-xl font-bold leading-6 tracking-wide"
          >
            $59.99
          </span>
        </div>
      </div>
      <button
        aria-label="ADD TO CART"
        class="cta-stroke-primary"
        type="button"
      >
        ADD TO CART
      </button>
    </div>
  </div>
</div>
`;
