// Jest Snapshot v1, https://jestjs.io/docs/snapshot-testing

exports[`GenreSelect renders GenreSelect unchanged 1`] = `
<div>
  <select
    aria-label="Select genre"
    class="flex-grow md:flex-grow-0"
  >
    <option
      selected=""
      value="all"
    >
      All
    </option>
    <option
      value="Action"
    >
      Action
    </option>
    <option
      value="Action-Adventure"
    >
      Action-Adventure
    </option>
    <option
      value="Adventure"
    >
      Adventure
    </option>
    <option
      value="Battle Royale"
    >
      Battle Royale
    </option>
    <option
      value="Horror"
    >
      Horror
    </option>
    <option
      value="Indie"
    >
      Indie
    </option>
    <option
      value="MMORPG"
    >
      MMORPG
    </option>
    <option
      value="MOBA"
    >
      MOBA
    </option>
    <option
      value="Puzzle"
    >
      Puzzle
    </option>
    <option
      value="Racing"
    >
      Racing
    </option>
    <option
      value="RPG"
    >
      RPG
    </option>
    <option
      value="Shooter"
    >
      Shooter
    </option>
    <option
      value="Simulation"
    >
      Simulation
    </option>
    <option
      value="Sports"
    >
      Sports
    </option>
    <option
      value="Strategy"
    >
      Strategy
    </option>
  </select>
</div>
`;
