// Jest Snapshot v1, https://jestjs.io/docs/snapshot-testing

exports[`OrderSummary renders OrderSummary unchanged 1`] = `
<div>
  <div
    class="flex flex-col gap-y-6 rounded-lg border-[0.5px] border-[#8F8F8F] px-4 py-6"
  >
    <div
      class="flex flex-col gap-y-3"
    >
      <h3
        class="text-xl font-bold leading-6 tracking-wide text-[#3B3B3B] md:text-2xl md:leading-7"
      >
        Order Summary
      </h3>
      <span
        class="text-lg leading-6 tracking-wide"
      >
        0
         
        items
      </span>
    </div>
    <div
      class="flex flex-col gap-y-6 py-5"
    >
      <div
        class="flex flex-col gap-y-3"
      />
      <div
        class="h-px bg-[#8F8F8F] opacity-50"
      />
      <div
        class="flex justify-between text-xl font-bold leading-6 tracking-wide"
      >
        <h4>
          Order total
        </h4>
        <span>
          $0.00
        </span>
      </div>
    </div>
  </div>
</div>
`;
