// Jest Snapshot v1, https://jestjs.io/docs/snapshot-testing

exports[`Navbar renders Navbar unchanged 1`] = `
<div>
  <header
    class="sticky top-0 z-10"
  >
    <nav
      class="flex justify-between bg-[#EEEEEE] px-6 py-5 text-[#585660] md:px-20 xl:px-32"
    >
      <a
        class="text-2xl leading-6 tracking-wide"
        href="/"
      >
        GamerShop
      </a>
      <a
        href="/cart"
      >
        <svg
          aria-hidden="true"
          class="size-6"
          fill="none"
          height="1em"
          stroke="currentColor"
          stroke-width="2"
          viewBox="0 0 24 24"
          width="1em"
          xmlns="http://www.w3.org/2000/svg"
        >
          <path
            d="M3 3h2l.4 2M7 13h10l4-8H5.4M7 13L5.4 5M7 13l-2.293 2.293c-.63.63-.184 1.707.707 1.707H17m0 0a2 2 0 100 4 2 2 0 000-4zm-8 2a2 2 0 11-4 0 2 2 0 014 0z"
            stroke-linecap="round"
            stroke-linejoin="round"
          />
        </svg>
      </a>
    </nav>
  </header>
</div>
`;
