// Jest Snapshot v1, https://jestjs.io/docs/snapshot-testing

exports[`NewBadge renders NewBadge unchanged 1`] = `
<div>
  <div
    class="text-primary absolute left-3 top-3 rounded bg-stone-100 px-3 py-2 leading-4 tracking-wide"
  >
    New
  </div>
</div>
`;
